// Jest Snapshot v1, https://goo.gl/fbAQLP

exports[`Correct beforeEach order ensures the correct order for beforeEach 1`] = `
"  console.log __tests__/before-each-queue.test.js:5
    BeforeEach

  console.log __tests__/before-each-queue.test.js:9
    It Foo

  console.log __tests__/before-each-queue.test.js:12
    BeforeEach Inline Foo

  console.log __tests__/before-each-queue.test.js:5
    BeforeEach

  console.log __tests__/before-each-queue.test.js:17
    It Bar
"
`;
